# run_id=indoor_fusion_pipeline_v12_fast2_20260504T123540Z
# started_utc=2026-05-04T12:35:40.719032+00:00
# cwd=C:\Users\ahnsh\OneDrive\Desktop\26-1 Smart Mobility Engineering Experiment 2\midterm_project
# argv=['scripts\\indoor_fusion_pipeline_v12_fast2.py']


[V12 Fast2] 학습 270행 | 검증 100행 | K-Fold=2 (무결성)
[V12 Fast2] Train CV — Step A (보정 Wi‑Fi 삼변 / V3 XY 후보) …
    … Step A 후보 1/33 CV_RMSE=2.6549
    … Step A 후보 2/33 CV_RMSE=2.6493
    … Step A 후보 3/33 CV_RMSE=2.6434
    … Step A 후보 4/33 CV_RMSE=2.6170
    … Step A 후보 5/33 CV_RMSE=2.6481
    … Step A 후보 6/33 CV_RMSE=2.6340
    … Step A 후보 7/33 CV_RMSE=2.6261
    … Step A 후보 8/33 CV_RMSE=2.6370
    … Step A 후보 9/33 CV_RMSE=2.6301
    … Step A 후보 10/33 CV_RMSE=2.6336
    … Step A 후보 11/33 CV_RMSE=2.6434
    … Step A 후보 12/33 CV_RMSE=2.6418
    … Step A 후보 13/33 CV_RMSE=2.6601
    … Step A 후보 14/33 CV_RMSE=2.6476
    … Step A 후보 15/33 CV_RMSE=2.6393
    … Step A 후보 16/33 CV_RMSE=2.6354
    … Step A 후보 17/33 CV_RMSE=2.6359
    … Step A 후보 18/33 CV_RMSE=2.6354
    … Step A 후보 19/33 CV_RMSE=2.6115
    … Step A 후보 20/33 CV_RMSE=2.5984
    … Step A 후보 21/33 CV_RMSE=2.5961
    … Step A 후보 22/33 CV_RMSE=2.6049
    … Step A 후보 23/33 CV_RMSE=2.6270
    … Step A 후보 24/33 CV_RMSE=2.5983
    … Step A 후보 25/33 CV_RMSE=2.5818
    … Step A 후보 26/33 CV_RMSE=2.5777
    … Step A 후보 27/33 CV_RMSE=2.5863
    … Step A 후보 28/33 CV_RMSE=2.6924
    … Step A 후보 29/33 CV_RMSE=2.6833
    … Step A 후보 30/33 CV_RMSE=2.6760
    … Step A 후보 31/33 CV_RMSE=2.6924
    … Step A 후보 32/33 CV_RMSE=2.6833
    … Step A 후보 33/33 CV_RMSE=2.6760
[V12 Fast2] Train CV — Phase B/C joint with top-5 Step-A by train CV …
    … joint 1/5  StepA_idx=25  train_CV_A=2.5777  B=2.6115  C=2.6189
    … joint 2/5  StepA_idx=24  train_CV_A=2.5818  B=2.6115  C=2.6181
    … joint 3/5  StepA_idx=26  train_CV_A=2.5863  B=2.6098  C=2.6182
    … joint 4/5  StepA_idx=20  train_CV_A=2.5961  B=2.6281  C=2.6326
    … joint 5/5  StepA_idx=23  train_CV_A=2.5983  B=2.6138  C=2.6435

========================================================================
V12 Fast2 — 완료 764.3s | Train CV만 사용 | 검증 단일 평가
========================================================================
  [Train CV] Step A 평균 RMSE (선택 기준) = 2.5818 m
  [Train CV] Step B 평균 RMSE (1차 선택) = 2.6115 m
  [Train CV] Step C 평균 RMSE (IRLS 소그리드) = 2.6181 m
  [Validation] Step A  RMSE=1.4280 m  MAE=1.1121 m
  [Validation] Step B  RMSE=1.6449 m  MAE=1.2535 m
  [Validation] Step C  RMSE=1.6233 m  MAE=1.2358 m
========================================================================
[선택] calib=huber, hf_wifi_calib=1.2, blend_alpha=0.5 (calib+V3), KNN_k=0, gate=1.400, inflate=10.0, hf_fus=1.35, IRLS=3.10

========================================================================
[indoor_fusion_pipeline_v12_fast2] 산출물 요약 (총 5개)
------------------------------------------------------------------------
  outputs\v12_fast2_grid_phaseBC.csv  (5,613 bytes)
  outputs\v12_fast2_grid_stepA.csv  (2,622 bytes)
  outputs\v12_fast2_predictions.csv  (18,705 bytes)
  outputs\v12_fast2_summary.json  (3,411 bytes)
  outputs\v12_fast2_wifi_calibration_coefs.csv  (300 bytes)
========================================================================
