[run] id=run_all_versions_20260525T064229Z cwd=C:\Users\ahnsh\OneDrive\Desktop\26-1 Smart Mobility Engineering Experiment 2\project\final_project

=== v00: B0: LS 삼변, 보정 없음 ===
OOF RMSE = 22.417 m
  stage after_raw_trilat: RMSE 22.417 m
  stage after_main_trilat: RMSE 22.417 m

=== v01: B1: Huber 삼변, 보정 없음 ===
OOF RMSE = 16.705 m
  stage after_raw_trilat: RMSE 16.705 m
  stage after_main_trilat: RMSE 16.705 m

=== v02: Huber + 전역 아핀 보정 (α,β 2개) ===
OOF RMSE = 12.404 m
  stage after_raw_trilat: RMSE 16.705 m
  stage after_main_trilat: RMSE 12.404 m

=== v03: Huber + BS별 아핀 보정 (α_k,β_k 36개) ===
OOF RMSE = 12.517 m
  stage after_raw_trilat: RMSE 16.705 m
  stage after_main_trilat: RMSE 12.517 m

=== v05: Huber + BS별 2차 보정 (a·d + b·d² + c) ===
OOF RMSE = 11.563 m
  stage after_raw_trilat: RMSE 16.705 m
  stage after_main_trilat: RMSE 11.563 m

=== v06: Huber + BS별 Isotonic (단조) 보정 ===
OOF RMSE = 10.508 m
  stage after_raw_trilat: RMSE 16.705 m
  stage after_main_trilat: RMSE 10.508 m

=== v09: v05 + Huber f_scale CV 튜닝 ===
OOF RMSE = 11.478 m
  stage after_raw_trilat: RMSE 16.865 m
  stage after_main_trilat: RMSE 11.478 m

Best: v06 RMSE=10.508 m
Wrote C:\Users\ahnsh\OneDrive\Desktop\26-1 Smart Mobility Engineering Experiment 2\project\final_project\outputs\version_catalog.json
