# run_id=indoor_fusion_pipeline_v13_fix_20260504T125943Z
# started_utc=2026-05-04T12:59:43.735021+00:00
# cwd=C:\Users\ahnsh\OneDrive\Desktop\26-1 Smart Mobility Engineering Experiment 2\midterm_project
# argv=['scripts\\indoor_fusion_pipeline_v13_fix.py']


[V13-fix] 학습 270행 | 검증 100행 | K-Fold=3
[V13-fix] 캘리브 캐시 13개 (Train 순수 보정 Step A CV 순만; 설계 고정 삽입 없음) | V13_FIX_TOP_CALIB_RANKS/V13_TOP_CALIB_RANKS=0

========================================================================
V13-fix — fusion_turbo_numba_core + Train-CV 순수 캘리브 순위 (Optuna)
========================================================================
  [Train CV] mean Step C RMSE = 2.5388 m
  [Validation] A=1.5035 m | B=1.4163 m | C=1.4218 m
  [Wall-clock] 164.42 s
========================================================================

========================================================================
[indoor_fusion_pipeline_v13_fix] 산출물 요약 (총 7개)
------------------------------------------------------------------------
  outputs\v13_fix_cdf_steps.png  (38,949 bytes)
  outputs\v13_fix_grid_phaseA_calib_catalog.csv  (642 bytes)
  outputs\v13_fix_map_true_vs_predicted_steps.png  (117,830 bytes)
  outputs\v13_fix_optuna_trials.csv  (3,499 bytes)
  outputs\v13_fix_predictions.csv  (17,720 bytes)
  outputs\v13_fix_summary.json  (3,339 bytes)
  outputs\v13_fix_wifi_calibration_coefs.csv  (121 bytes)
========================================================================
