# run_id=indoor_fusion_pipeline_v15_20260505T045107Z
# started_utc=2026-05-05T04:51:07.537841+00:00
# cwd=C:\Users\ahnsh\OneDrive\Desktop\26-1 Smart Mobility Engineering Experiment 2\midterm_project\scripts
# argv=['.\\indoor_fusion_pipeline_v15.py']


[V15] 학습 270행 | 검증 100행 | K-Fold=3
[V15] Train-OOF τ 후보(raw→적용): [1.09,3.95]→[1.09,3.95] m | meta={'p50': 2.69327381092919, 'p75': 4.250321346779945, 'p90': 6.013400846141056, 'n_rows': 270.0}
[V15] 탐색 프로필=balanced: inflate∈[10.0,38.0], fusion Huber∈[1.0, 1.12, 1.25, 1.35], IRLS(m)∈[2.1, 2.45, 2.75, 3.05, 3.2]
[V15] Train CV 상위 V3 프로필 8개: [(1.35, 2.5), (1.32, 2.35), (1.25, 2.2), (1.2, 2.5), (1.32, 3.15)]…
[V15] 캘리브 캐시 18개 (train 순수 Step A CV)
[V15] 단일 단계: 가중 Train CV 목표 w·StepA+(1-w)·StepC, w=0.452

========================================================================
V15 — Train-only priors + Train CV Optuna (검증 1회)
========================================================================
  [Train CV] Step A (가이드 최적화 단계) mean RMSE = 2.6168 m
  [Train CV] Step C mean RMSE = 2.4862 m
  [Validation] Step A RMSE=1.7768 | B=1.8080 | C=1.8244 m
  [Wall-clock] 114.34 s
========================================================================

========================================================================
[indoor_fusion_pipeline_v15] 산출물 요약 (총 7개)
------------------------------------------------------------------------
  outputs\v15_cdf_steps.png  (40,279 bytes)
  outputs\v15_grid_phaseA_calib_catalog.csv  (860 bytes)
  outputs\v15_map_true_vs_predicted_steps.png  (142,788 bytes)
  outputs\v15_optuna_trials.csv  (16,866 bytes)
  outputs\v15_predictions.csv  (18,195 bytes)
  outputs\v15_summary.json  (3,680 bytes)
  outputs\v15_wifi_calibration_coefs.csv  (299 bytes)
========================================================================
